// Vitest Snapshot v1, https://vitest.dev/guide/snapshot.html

exports[`BoardSquares > matches snapshot 1`] = `
<div>
  <div
    aria-label="Chess board"
    class="board-grid"
    role="grid"
  >
    <div
      class="board-row"
      role="row"
    >
      <div
        aria-label="a8, black rook"
        class="board-square board-square-light"
        role="gridcell"
      >
        <span
          aria-hidden="true"
          class="board-rank"
        >
          8
        </span>
      </div>
      <div
        aria-label="b8, black knight"
        class="board-square board-square-dark"
        role="gridcell"
      />
      <div
        aria-label="c8, black bishop"
        class="board-square board-square-light"
        role="gridcell"
      />
      <div
        aria-label="d8, black queen"
        class="board-square board-square-dark"
        role="gridcell"
      />
      <div
        aria-label="e8, black king"
        class="board-square board-square-light"
        role="gridcell"
      />
      <div
        aria-label="f8, black bishop"
        class="board-square board-square-dark"
        role="gridcell"
      />
      <div
        aria-label="g8, black knight"
        class="board-square board-square-light"
        role="gridcell"
      />
      <div
        aria-label="h8, black rook"
        class="board-square board-square-dark"
        role="gridcell"
      />
    </div>
    <div
      class="board-row"
      role="row"
    >
      <div
        aria-label="a7, black pawn"
        class="board-square board-square-dark"
        role="gridcell"
      >
        <span
          aria-hidden="true"
          class="board-rank"
        >
          7
        </span>
      </div>
      <div
        aria-label="b7, black pawn"
        class="board-square board-square-light"
        role="gridcell"
      />
      <div
        aria-label="c7, black pawn"
        class="board-square board-square-dark"
        role="gridcell"
      />
      <div
        aria-label="d7, black pawn"
        class="board-square board-square-light"
        role="gridcell"
      />
      <div
        aria-label="e7, black pawn"
        class="board-square board-square-dark"
        role="gridcell"
      />
      <div
        aria-label="f7, black pawn"
        class="board-square board-square-light"
        role="gridcell"
      />
      <div
        aria-label="g7, black pawn"
        class="board-square board-square-dark"
        role="gridcell"
      />
      <div
        aria-label="h7, black pawn"
        class="board-square board-square-light"
        role="gridcell"
      />
    </div>
    <div
      class="board-row"
      role="row"
    >
      <div
        aria-label="a6"
        class="board-square board-square-light"
        role="gridcell"
      >
        <span
          aria-hidden="true"
          class="board-rank"
        >
          6
        </span>
      </div>
      <div
        aria-label="b6"
        class="board-square board-square-dark"
        role="gridcell"
      />
      <div
        aria-label="c6"
        class="board-square board-square-light"
        role="gridcell"
      />
      <div
        aria-label="d6"
        class="board-square board-square-dark"
        role="gridcell"
      />
      <div
        aria-label="e6"
        class="board-square board-square-light"
        role="gridcell"
      />
      <div
        aria-label="f6"
        class="board-square board-square-dark"
        role="gridcell"
      />
      <div
        aria-label="g6"
        class="board-square board-square-light"
        role="gridcell"
      />
      <div
        aria-label="h6"
        class="board-square board-square-dark"
        role="gridcell"
      />
    </div>
    <div
      class="board-row"
      role="row"
    >
      <div
        aria-label="a5"
        class="board-square board-square-dark"
        role="gridcell"
      >
        <span
          aria-hidden="true"
          class="board-rank"
        >
          5
        </span>
      </div>
      <div
        aria-label="b5"
        class="board-square board-square-light"
        role="gridcell"
      />
      <div
        aria-label="c5"
        class="board-square board-square-dark"
        role="gridcell"
      />
      <div
        aria-label="d5"
        class="board-square board-square-light"
        role="gridcell"
      />
      <div
        aria-label="e5"
        class="board-square board-square-dark"
        role="gridcell"
      />
      <div
        aria-label="f5"
        class="board-square board-square-light"
        role="gridcell"
      />
      <div
        aria-label="g5"
        class="board-square board-square-dark"
        role="gridcell"
      />
      <div
        aria-label="h5"
        class="board-square board-square-light"
        role="gridcell"
      />
    </div>
    <div
      class="board-row"
      role="row"
    >
      <div
        aria-label="a4"
        class="board-square board-square-light"
        role="gridcell"
      >
        <span
          aria-hidden="true"
          class="board-rank"
        >
          4
        </span>
      </div>
      <div
        aria-label="b4"
        class="board-square board-square-dark"
        role="gridcell"
      />
      <div
        aria-label="c4"
        class="board-square board-square-light"
        role="gridcell"
      />
      <div
        aria-label="d4"
        class="board-square board-square-dark"
        role="gridcell"
      />
      <div
        aria-label="e4"
        class="board-square board-square-light"
        role="gridcell"
      />
      <div
        aria-label="f4"
        class="board-square board-square-dark"
        role="gridcell"
      />
      <div
        aria-label="g4"
        class="board-square board-square-light"
        role="gridcell"
      />
      <div
        aria-label="h4"
        class="board-square board-square-dark"
        role="gridcell"
      />
    </div>
    <div
      class="board-row"
      role="row"
    >
      <div
        aria-label="a3"
        class="board-square board-square-dark"
        role="gridcell"
      >
        <span
          aria-hidden="true"
          class="board-rank"
        >
          3
        </span>
      </div>
      <div
        aria-label="b3"
        class="board-square board-square-light"
        role="gridcell"
      />
      <div
        aria-label="c3"
        class="board-square board-square-dark"
        role="gridcell"
      />
      <div
        aria-label="d3"
        class="board-square board-square-light"
        role="gridcell"
      />
      <div
        aria-label="e3"
        class="board-square board-square-dark"
        role="gridcell"
      />
      <div
        aria-label="f3"
        class="board-square board-square-light"
        role="gridcell"
      />
      <div
        aria-label="g3"
        class="board-square board-square-dark"
        role="gridcell"
      />
      <div
        aria-label="h3"
        class="board-square board-square-light"
        role="gridcell"
      />
    </div>
    <div
      class="board-row"
      role="row"
    >
      <div
        aria-label="a2, white pawn"
        class="board-square board-square-light"
        role="gridcell"
      >
        <span
          aria-hidden="true"
          class="board-rank"
        >
          2
        </span>
      </div>
      <div
        aria-label="b2, white pawn"
        class="board-square board-square-dark"
        role="gridcell"
      />
      <div
        aria-label="c2, white pawn"
        class="board-square board-square-light"
        role="gridcell"
      />
      <div
        aria-label="d2, white pawn"
        class="board-square board-square-dark"
        role="gridcell"
      />
      <div
        aria-label="e2, white pawn"
        class="board-square board-square-light"
        role="gridcell"
      />
      <div
        aria-label="f2, white pawn"
        class="board-square board-square-dark"
        role="gridcell"
      />
      <div
        aria-label="g2, white pawn"
        class="board-square board-square-light"
        role="gridcell"
      />
      <div
        aria-label="h2, white pawn"
        class="board-square board-square-dark"
        role="gridcell"
      />
    </div>
    <div
      class="board-row"
      role="row"
    >
      <div
        aria-label="a1, white rook"
        class="board-square board-square-dark"
        role="gridcell"
      >
        <span
          aria-hidden="true"
          class="board-rank"
        >
          1
        </span>
        <span
          aria-hidden="true"
          class="board-file"
        >
          a
        </span>
      </div>
      <div
        aria-label="b1, white knight"
        class="board-square board-square-light"
        role="gridcell"
      >
        <span
          aria-hidden="true"
          class="board-file"
        >
          b
        </span>
      </div>
      <div
        aria-label="c1, white bishop"
        class="board-square board-square-dark"
        role="gridcell"
      >
        <span
          aria-hidden="true"
          class="board-file"
        >
          c
        </span>
      </div>
      <div
        aria-label="d1, white queen"
        class="board-square board-square-light"
        role="gridcell"
      >
        <span
          aria-hidden="true"
          class="board-file"
        >
          d
        </span>
      </div>
      <div
        aria-label="e1, white king"
        class="board-square board-square-dark"
        role="gridcell"
      >
        <span
          aria-hidden="true"
          class="board-file"
        >
          e
        </span>
      </div>
      <div
        aria-label="f1, white bishop"
        class="board-square board-square-light"
        role="gridcell"
      >
        <span
          aria-hidden="true"
          class="board-file"
        >
          f
        </span>
      </div>
      <div
        aria-label="g1, white knight"
        class="board-square board-square-dark"
        role="gridcell"
      >
        <span
          aria-hidden="true"
          class="board-file"
        >
          g
        </span>
      </div>
      <div
        aria-label="h1, white rook"
        class="board-square board-square-light"
        role="gridcell"
      >
        <span
          aria-hidden="true"
          class="board-file"
        >
          h
        </span>
      </div>
    </div>
  </div>
</div>
`;
