// Vitest Snapshot v1, https://vitest.dev/guide/snapshot.html

exports[`RootLayout > matches snapshot 1`] = `
<div>
  <header
    class="root-layout-header"
  >
    <a
      class="root-layout-wordmark"
      data-discover="true"
      href="/"
    >
      Chess Opening Training
    </a>
  </header>
  <main
    class="root-layout-main"
  />
</div>
`;
