// Vitest Snapshot v1, https://vitest.dev/guide/snapshot.html

exports[`AnimatePiecesToggle > matches snapshot 1`] = `
<div>
  <div
    class="animate-pieces"
  >
    <div
      class="animate-pieces-row"
    >
      Animate pieces
      <span
        aria-label="Loading your setting"
        class="animate-pieces-placeholder"
        role="status"
      />
    </div>
  </div>
</div>
`;
