// Vitest Snapshot v1, https://vitest.dev/guide/snapshot.html

exports[`Account > matches snapshot 1`] = `
<div>
  <section
    class="account-card"
  >
    <h1
      class="account-heading"
    >
      Account
    </h1>
    <button
      class="account-action"
      type="button"
    >
      Sign out
    </button>
    <a
      class="account-action account-action-danger"
      data-discover="true"
      href="/account/delete"
    >
      Delete account
    </a>
  </section>
</div>
`;
