// Vitest Snapshot v1, https://vitest.dev/guide/snapshot.html

exports[`Account > matches snapshot 1`] = `
<div>
  <section
    class="account-card"
  >
    <h1
      class="account-heading"
    >
      Account
    </h1>
    <form
      class="change-email-form"
    >
      <div
        class="text-input"
      >
        <label
          for="_r_0_"
        >
          New email
        </label>
        <div
          class="text-input-control"
        >
          <input
            autocomplete="email"
            class="text-input-field"
            id="_r_0_"
            name="email"
            required=""
            type="email"
          />
        </div>
      </div>
      <button
        class="button"
        disabled=""
        type="submit"
      >
        Change email
      </button>
    </form>
    <button
      class="account-action"
      type="button"
    >
      Sign out
    </button>
  </section>
</div>
`;
