// Vitest Snapshot v1, https://vitest.dev/guide/snapshot.html

exports[`Account > matches snapshot 1`] = `
<div>
  <section
    class="account-card"
  >
    <h1
      class="account-heading"
    >
      Account
    </h1>
    <div
      class="animate-pieces"
    >
      <label
        class="animate-pieces-label"
      >
        <input
          disabled=""
          type="checkbox"
        />
        Animate pieces
      </label>
    </div>
    <button
      class="account-action"
      type="button"
    >
      Sign out
    </button>
  </section>
</div>
`;
