// Vitest Snapshot v1, https://vitest.dev/guide/snapshot.html

exports[`ConfirmPasswordInput > matches snapshot 1`] = `
<div>
  <div
    class="text-input"
  >
    <label
      for="_r_0_"
    >
      Confirm new password
    </label>
    <div
      class="text-input-control"
    >
      <input
        autocomplete="new-password"
        class="text-input-field"
        id="_r_0_"
        name="confirmation"
        required=""
        type="password"
      />
      <button
        aria-label="Show password"
        class="text-input-reveal"
        type="button"
      >
        Show
      </button>
    </div>
  </div>
  <p>
    Passwords don't match
  </p>
</div>
`;
