// Vitest Snapshot v1, https://vitest.dev/guide/snapshot.html

exports[`PasswordChecklist > matches snapshot 1`] = `
<div>
  <ul
    aria-label="Password needs"
    class="password-checklist"
  >
    <li
      class="password-rule password-rule-met"
    >
      At least 8 characters
      <span
        class="password-rule-state"
      >
         (done)
      </span>
    </li>
    <li
      class="password-rule password-rule-met"
    >
      A lowercase letter
      <span
        class="password-rule-state"
      >
         (done)
      </span>
    </li>
    <li
      class="password-rule"
    >
      An uppercase letter
    </li>
    <li
      class="password-rule"
    >
      A number
    </li>
    <li
      class="password-rule"
    >
      A symbol
    </li>
  </ul>
</div>
`;
