// Vitest Snapshot v1, https://vitest.dev/guide/snapshot.html

exports[`BranchList > matches snapshot 1`] = `
<div>
  <ul
    class="branch-list"
  >
    <li>
      <a
        aria-label="London"
        class="branch-list-item"
        data-discover="true"
        href="/branches/a4f1"
      >
        <span
          class="branch-list-name"
        >
          London
        </span>
        <span
          class="branch-list-side"
        >
          white
        </span>
      </a>
    </li>
  </ul>
</div>
`;
