// Vitest Snapshot v1, https://vitest.dev/guide/snapshot.html

exports[`ChangePassword > matches snapshot 1`] = `
<div>
  <section
    class="change-password"
  >
    <h2
      class="change-password-heading"
    >
      Change password
    </h2>
    <form
      class="new-password-form"
    >
      <div
        class="text-input"
      >
        <label
          for="_r_0_"
        >
          New password
        </label>
        <div
          class="text-input-control"
        >
          <input
            autocomplete="new-password"
            class="text-input-field"
            id="_r_0_"
            name="password"
            required=""
            type="password"
          />
          <button
            aria-label="Show password"
            class="text-input-reveal"
            type="button"
          >
            Show
          </button>
        </div>
      </div>
      <ul
        aria-label="Password needs"
        class="password-checklist"
      >
        <li
          class="password-rule"
        >
          At least 8 characters
        </li>
        <li
          class="password-rule"
        >
          A lowercase letter
        </li>
        <li
          class="password-rule"
        >
          An uppercase letter
        </li>
        <li
          class="password-rule"
        >
          A number
        </li>
        <li
          class="password-rule"
        >
          A symbol
        </li>
      </ul>
      <button
        class="button"
        disabled=""
        type="submit"
      >
        Save password
      </button>
    </form>
  </section>
</div>
`;
